created node n1 with cost 5
created node n3 with cost 1
created node n4 with cost 2
created node n100 with cost 100
created graph A
added node n4 to A
created node n2 with cost 3
created graph B
added node n1 to B
added node n2 to B
B contains: n1 n2
added node n3 to B
added node n4 to B
A contains: n4
added edge from n2 to n1 in B
added edge from n2 to n3 in B
added edge from n1 to n4 in B
added edge from n3 to n4 in B
the children of n2 in B are: n1 n3